// Jest Snapshot v1, https://goo.gl/fbAQLP

exports[`testing App 1`] = `ShallowWrapper {}`;
