// Jest Snapshot v1, https://goo.gl/fbAQLP

exports[`testing card 1`] = `ShallowWrapper {}`;
